// Vitest Snapshot v1, https://vitest.dev/guide/snapshot.html

exports[`renders CoverArt 1`] = `
<div>
  <div
    class="w-full overflow-hidden rounded-lg bg-gray-200"
  >
    <img
      alt="Album cover"
      class="h-full w-full object-cover"
      src="test-image.jpg"
    />
  </div>
</div>
`;
