// Vitest Snapshot v1, https://vitest.dev/guide/snapshot.html

exports[`renders PlayListItem ＾ዋ⋏ዋ＾ 1`] = `
<div>
  <div
    class="w-full flex justify-between items-center mb-2 rounded-md cursor-pointer 
                bg-transparent"
  >
    <div
      class="flex flex-col"
    >
      <p
        class="font-bold"
      >
        Test Song
      </p>
      <p
        class="font-bold opacity-70"
      >
        Test Artist
      </p>
    </div>
    <p
      class="font-bold opacity-50"
    >
      1:80
    </p>
  </div>
</div>
`;
