// Vitest Snapshot v1, https://vitest.dev/guide/snapshot.html

exports[`renders SongTitle 1`] = `
<div>
  <div
    class="mt-8 text-center"
  >
    <h2
      class="text-2xl font-bold mb-2"
    >
      Test Song
    </h2>
    <p
      class="text-gray-500"
    >
      Test Artist
    </p>
  </div>
</div>
`;
